🐍 Found CPython 3.9 at /Users/srivarshans/Downloads/semver-rs/.venv/bin/python
🔗 Found pyo3 bindings with abi3-py3.9 support
📡 Using build options features from pyproject.toml
   Compiling semver-rs v0.1.0 (/Users/srivarshans/Downloads/semver-rs)
    Finished `dev` profile [unoptimized + debuginfo] target(s) in 0.99s
📦 Built wheel for abi3 Python ≥ 3.9 to /var/folders/dm/4v36prpj59n8tb4z508cngxw0000gn/T/.tmpZySHXA/semantic_version-0.1.0-cp39-abi3-macosx_11_0_arm64.whl
✏️ Setting installed package as editable
🛠 Installed semantic_version-0.1.0
